smth_else 12
cc 47
xyz 100
sm 1
sm -6
smth 9
cc 47
xyz 44
